// Jest Snapshot v1, https://goo.gl/fbAQLP

exports[`linter tests lints several files 2`] = `
Array [
  Object {
    "errors": 8,
    "messages": Array [
      Object {
        "column": 1,
        "fixable": true,
        "line": 5,
        "message": "Inline control structures are not allowed",
        "severity": 5,
        "source": "Generic.ControlStructures.InlineControlStructure.NotAllowed",
        "type": "ERROR",
      },
      Object {
        "column": 13,
        "fixable": true,
        "line": 13,
        "message": "Newline required after opening brace",
        "severity": 5,
        "source": "Squiz.ControlStructures.ControlSignature.NewlineAfterOpenBrace",
        "type": "ERROR",
      },
      Object {
        "column": 1,
        "fixable": true,
        "line": 14,
        "message": "Expected 1 space after closing brace; 0 found",
        "severity": 5,
        "source": "Squiz.ControlStructures.ControlSignature.SpaceAfterCloseBrace",
        "type": "ERROR",
      },
      Object {
        "column": 7,
        "fixable": true,
        "line": 14,
        "message": "Newline required after opening brace",
        "severity": 5,
        "source": "Squiz.ControlStructures.ControlSignature.NewlineAfterOpenBrace",
        "type": "ERROR",
      },
      Object {
        "column": 47,
        "fixable": true,
        "line": 14,
        "message": "Closing brace must be on a line by itself",
        "severity": 5,
        "source": "Squiz.WhiteSpace.ScopeClosingBrace.ContentBefore",
        "type": "ERROR",
      },
      Object {
        "column": 1,
        "fixable": true,
        "line": 23,
        "message": "Line indented incorrectly; expected at least 4 spaces, found 0",
        "severity": 5,
        "source": "Generic.WhiteSpace.ScopeIndent.Incorrect",
        "type": "ERROR",
      },
      Object {
        "column": 1,
        "fixable": true,
        "line": 24,
        "message": "Expected 1 space after closing brace; 0 found",
        "severity": 5,
        "source": "Squiz.ControlStructures.ControlSignature.SpaceAfterCloseBrace",
        "type": "ERROR",
      },
      Object {
        "column": 1,
        "fixable": true,
        "line": 25,
        "message": "Line indented incorrectly; expected at least 4 spaces, found 0",
        "severity": 5,
        "source": "Generic.WhiteSpace.ScopeIndent.Incorrect",
        "type": "ERROR",
      },
    ],
    "warnings": 0,
  },
  Object {
    "errors": 5,
    "messages": Array [
      Object {
        "column": 1,
        "fixable": false,
        "line": 1,
        "message": "A file should declare new symbols (classes, functions, constants, etc.) and cause no other side effects, or it should execute logic with side effects, but should not do both. The first symbol is defined on line 2 and the first side effect is on line 4.",
        "severity": 5,
        "source": "PSR1.Files.SideEffects.FoundWithSymbols",
        "type": "WARNING",
      },
      Object {
        "column": 16,
        "fixable": true,
        "line": 2,
        "message": "Expected 1 space between comma and argument \\"$b\\"; 5 found",
        "severity": 5,
        "source": "Squiz.Functions.FunctionDeclarationArgumentSpacing.SpacingBeforeArg",
        "type": "ERROR",
      },
      Object {
        "column": 26,
        "fixable": true,
        "line": 2,
        "message": "Opening brace should be on a new line",
        "severity": 5,
        "source": "Squiz.Functions.MultiLineFunctionDeclaration.BraceOnSameLine",
        "type": "ERROR",
      },
      Object {
        "column": 3,
        "fixable": true,
        "line": 3,
        "message": "Line indented incorrectly; expected at least 4 spaces, found 2",
        "severity": 5,
        "source": "Generic.WhiteSpace.ScopeIndent.Incorrect",
        "type": "ERROR",
      },
      Object {
        "column": 18,
        "fixable": true,
        "line": 3,
        "message": "Closing brace must be on a line by itself",
        "severity": 5,
        "source": "Squiz.WhiteSpace.ScopeClosingBrace.ContentBefore",
        "type": "ERROR",
      },
      Object {
        "column": 13,
        "fixable": true,
        "line": 4,
        "message": "No space found after comma in argument list",
        "severity": 5,
        "source": "Generic.Functions.FunctionCallArgumentSpacing.NoSpaceAfterComma",
        "type": "ERROR",
      },
    ],
    "warnings": 1,
  },
]
`;
